// Jest Snapshot v1, https://goo.gl/fbAQLP

exports[`ButtonGroup Component Renders correctly 1`] = `
<div
  className="makeStyles-root-1"
>
  <div
    className="makeStyles-typographyDiv-4 makeStyles-activeTypoGraphyDiv-3"
    key="test"
    onClick={[Function]}
  >
    <Typography
      align="left"
      className="makeStyles-typogrpahy-2 makeStyles-activeTypoGraphy-5"
      variant="body2"
    >
      test
    </Typography>
  </div>
  <div
    className="makeStyles-typographyDiv-4"
    key="bar"
    onClick={[Function]}
  >
    <Typography
      align="left"
      className="makeStyles-typogrpahy-2"
      variant="body2"
    >
      bar
    </Typography>
  </div>
</div>
`;
